#
# There is insufficient memory for the Java Runtime Environment to continue.
# Native memory allocation (malloc) failed to allocate 397056 bytes for Chunk::new
# Possible reasons:
#   The system is out of physical RAM or swap space
#   The process is running with CompressedOops enabled, and the Java Heap may be blocking the growth of the native heap
# Possible solutions:
#   Reduce memory load on the system
#   Increase physical memory or swap space
#   Check if swap backing store is full
#   Decrease Java heap size (-Xmx/-Xms)
#   Decrease number of Java threads
#   Decrease Java thread stack sizes (-Xss)
#   Set larger code cache with -XX:ReservedCodeCacheSize=
#   JVM is running with Unscaled Compressed Oops mode in which the Java heap is
#     placed in the first 4GB address space. The Java Heap base address is the
#     maximum limit for the native heap growth. Please use -XX:HeapBaseMinAddress
#     to set the Java Heap base and to place the Java Heap above 4GB virtual address.
# This output file may be truncated or incomplete.
#
#  Out of Memory Error (arena.cpp:197), pid=11836, tid=22240
#
# JRE version: OpenJDK Runtime Environment Corretto-11.0.22.7.1 (11.0.22+7) (build 11.0.22+7-LTS)
# Java VM: OpenJDK 64-Bit Server VM Corretto-11.0.22.7.1 (11.0.22+7-LTS, mixed mode, tiered, compressed oops, g1 gc, windows-amd64)
# No core dump will be written. Minidumps are not enabled by default on client versions of Windows
#

---------------  S U M M A R Y ------------

Command Line: -Dclassworlds.conf=C:\Users\Famous Osiaro\.m2\wrapper\dists\apache-maven-3.9.11\03d7e36a140982eea48e22c1dcac01d8862b2550b2939e09a0809bbc5182a5bc\bin\m2.conf -Dmaven.home=C:\Users\Famous Osiaro\.m2\wrapper\dists\apache-maven-3.9.11\03d7e36a140982eea48e22c1dcac01d8862b2550b2939e09a0809bbc5182a5bc -Dlibrary.jansi.path=C:\Users\Famous Osiaro\.m2\wrapper\dists\apache-maven-3.9.11\03d7e36a140982eea48e22c1dcac01d8862b2550b2939e09a0809bbc5182a5bc\lib\jansi-native -Dmaven.multiModuleProjectDirectory=c:\Users\Famous Osiaro\Documents\employee-service\employee-service org.codehaus.plexus.classworlds.launcher.Launcher -q help:effective-pom -Doutput=c:\Users\Famous Osiaro\Documents\employee-service\employee-service\effective-pom.xml

Host: Intel(R) Core(TM) i5-7200U CPU @ 2.50GHz, 4 cores, 7G,  Windows 10 , 64 bit Build 19041 (10.0.19041.5915)
Time: Fri Nov  7 06:58:48 2025 W. Central Africa Standard Time elapsed time: 1.104936 seconds (0d 0h 0m 1s)

---------------  T H R E A D  ---------------

Current thread (0x000002c1001eb800):  JavaThread "C2 CompilerThread0" daemon [_thread_in_native, id=22240, stack(0x000000df3ca00000,0x000000df3cb00000)]


Current CompileTask:
C2:   1105  674   !   4       jdk.internal.loader.URLClassPath$JarLoader::getResource (65 bytes)

Stack: [0x000000df3ca00000,0x000000df3cb00000]
Native frames: (J=compiled Java code, j=interpreted, Vv=VM code, C=native code)
V  [jvm.dll+0x64585a]
V  [jvm.dll+0x7d9bb9]
V  [jvm.dll+0x7db2b9]
V  [jvm.dll+0x7db9a3]
V  [jvm.dll+0x2694e5]
V  [jvm.dll+0xc1d7c]
V  [jvm.dll+0xc232c]
V  [jvm.dll+0x2db892]
V  [jvm.dll+0x550b27]
V  [jvm.dll+0x220efb]
V  [jvm.dll+0x22341c]
V  [jvm.dll+0x220634]
V  [jvm.dll+0x19e521]
V  [jvm.dll+0x2305e9]
V  [jvm.dll+0x22e75f]
V  [jvm.dll+0x79ae51]
V  [jvm.dll+0x793b24]
V  [jvm.dll+0x644615]
C  [ucrtbase.dll+0x21bb2]
C  [KERNEL32.DLL+0x17374]
C  [ntdll.dll+0x4cc91]


---------------  P R O C E S S  ---------------

Threads class SMR info:
_java_thread_list=0x000002c100f75850, length=11, elements={
0x000002c16187f800, 0x000002c1001dc800, 0x000002c1001d2000, 0x000002c1001e6000,
0x000002c1001e7000, 0x000002c1001e8800, 0x000002c1001eb800, 0x000002c1001f0800,
0x000002c1001f7800, 0x000002c100bc1800, 0x000002c10169f800
}

Java Threads: ( => current thread )
  0x000002c16187f800 JavaThread "main" [_thread_in_native, id=9892, stack(0x000000df3be00000,0x000000df3bf00000)]
  0x000002c1001dc800 JavaThread "Reference Handler" daemon [_thread_blocked, id=25704, stack(0x000000df3c500000,0x000000df3c600000)]
  0x000002c1001d2000 JavaThread "Finalizer" daemon [_thread_blocked, id=24272, stack(0x000000df3c600000,0x000000df3c700000)]
  0x000002c1001e6000 JavaThread "Signal Dispatcher" daemon [_thread_blocked, id=25144, stack(0x000000df3c700000,0x000000df3c800000)]
  0x000002c1001e7000 JavaThread "Attach Listener" daemon [_thread_blocked, id=23760, stack(0x000000df3c800000,0x000000df3c900000)]
  0x000002c1001e8800 JavaThread "Service Thread" daemon [_thread_blocked, id=24176, stack(0x000000df3c900000,0x000000df3ca00000)]
=>0x000002c1001eb800 JavaThread "C2 CompilerThread0" daemon [_thread_in_native, id=22240, stack(0x000000df3ca00000,0x000000df3cb00000)]
  0x000002c1001f0800 JavaThread "C1 CompilerThread0" daemon [_thread_blocked, id=12180, stack(0x000000df3cb00000,0x000000df3cc00000)]
  0x000002c1001f7800 JavaThread "Sweeper thread" daemon [_thread_blocked, id=20772, stack(0x000000df3cc00000,0x000000df3cd00000)]
  0x000002c100bc1800 JavaThread "Common-Cleaner" daemon [_thread_blocked, id=5464, stack(0x000000df3ce00000,0x000000df3cf00000)]
  0x000002c10169f800 JavaThread "C2 CompilerThread1" daemon [_thread_in_native, id=596, stack(0x000000df3cf00000,0x000000df3d000000)]

Other Threads:
  0x000002c1001c6800 VMThread "VM Thread" [stack: 0x000000df3c400000,0x000000df3c500000] [id=23428]
  0x000002c100bb8000 WatcherThread [stack: 0x000000df3cd00000,0x000000df3ce00000] [id=20336]
  0x000002c161897000 GCTaskThread "GC Thread#0" [stack: 0x000000df3bf00000,0x000000df3c000000] [id=11540]
  0x000002c101054000 GCTaskThread "GC Thread#1" [stack: 0x000000df3d000000,0x000000df3d100000] [id=4836]
  0x000002c101161000 GCTaskThread "GC Thread#2" [stack: 0x000000df3d100000,0x000000df3d200000] [id=4752]
  0x000002c1618c7800 ConcurrentGCThread "G1 Main Marker" [stack: 0x000000df3c000000,0x000000df3c100000] [id=20892]
  0x000002c1618c9000 ConcurrentGCThread "G1 Conc#0" [stack: 0x000000df3c100000,0x000000df3c200000] [id=6264]
  0x000002c100010800 ConcurrentGCThread "G1 Refine#0" [stack: 0x000000df3c200000,0x000000df3c300000] [id=13024]
  0x000002c100011000 ConcurrentGCThread "G1 Young RemSet Sampling" [stack: 0x000000df3c300000,0x000000df3c400000] [id=7860]

Threads with active compile tasks:
C2 CompilerThread0     2718  674   !   4       jdk.internal.loader.URLClassPath$JarLoader::getResource (65 bytes)
C2 CompilerThread1     2718  717       4       java.util.jar.JarFile::getEntry (22 bytes)

VM state:not at safepoint (normal execution)

VM Mutex/Monitor currently owned by a thread: None

Heap address: 0x0000000081a00000, size: 2022 MB, Compressed Oops mode: 32-bit
Narrow klass base: 0x0000000000000000, Narrow klass shift: 3
Compressed class space size: 1073741824 Address: 0x0000000100000000

Heap:
 garbage-first heap   total 131072K, used 4950K [0x0000000081a00000, 0x0000000100000000)
  region size 1024K, 5 young (5120K), 2 survivors (2048K)
 Metaspace       used 10902K, capacity 11097K, committed 11392K, reserved 1058816K
  class space    used 1017K, capacity 1106K, committed 1152K, reserved 1048576K
Heap Regions: E=young(eden), S=young(survivor), O=old, HS=humongous(starts), HC=humongous(continues), CS=collection set, F=free, A=archive, TAMS=top-at-mark-start (previous, next)
|   0|0x0000000081a00000, 0x0000000081ad5a00, 0x0000000081b00000| 83%| O|  |TAMS 0x0000000081a00000, 0x0000000081a00000| Untracked 
|   1|0x0000000081b00000, 0x0000000081b00000, 0x0000000081c00000|  0%| F|  |TAMS 0x0000000081b00000, 0x0000000081b00000| Untracked 
|   2|0x0000000081c00000, 0x0000000081c00000, 0x0000000081d00000|  0%| F|  |TAMS 0x0000000081c00000, 0x0000000081c00000| Untracked 
|   3|0x0000000081d00000, 0x0000000081d00000, 0x0000000081e00000|  0%| F|  |TAMS 0x0000000081d00000, 0x0000000081d00000| Untracked 
|   4|0x0000000081e00000, 0x0000000081e00000, 0x0000000081f00000|  0%| F|  |TAMS 0x0000000081e00000, 0x0000000081e00000| Untracked 
|   5|0x0000000081f00000, 0x0000000081f00000, 0x0000000082000000|  0%| F|  |TAMS 0x0000000081f00000, 0x0000000081f00000| Untracked 
|   6|0x0000000082000000, 0x0000000082000000, 0x0000000082100000|  0%| F|  |TAMS 0x0000000082000000, 0x0000000082000000| Untracked 
|   7|0x0000000082100000, 0x0000000082100000, 0x0000000082200000|  0%| F|  |TAMS 0x0000000082100000, 0x0000000082100000| Untracked 
|   8|0x0000000082200000, 0x0000000082200000, 0x0000000082300000|  0%| F|  |TAMS 0x0000000082200000, 0x0000000082200000| Untracked 
|   9|0x0000000082300000, 0x0000000082300000, 0x0000000082400000|  0%| F|  |TAMS 0x0000000082300000, 0x0000000082300000| Untracked 
|  10|0x0000000082400000, 0x0000000082400000, 0x0000000082500000|  0%| F|  |TAMS 0x0000000082400000, 0x0000000082400000| Untracked 
|  11|0x0000000082500000, 0x0000000082500000, 0x0000000082600000|  0%| F|  |TAMS 0x0000000082500000, 0x0000000082500000| Untracked 
|  12|0x0000000082600000, 0x0000000082600000, 0x0000000082700000|  0%| F|  |TAMS 0x0000000082600000, 0x0000000082600000| Untracked 
|  13|0x0000000082700000, 0x0000000082700000, 0x0000000082800000|  0%| F|  |TAMS 0x0000000082700000, 0x0000000082700000| Untracked 
|  14|0x0000000082800000, 0x0000000082800000, 0x0000000082900000|  0%| F|  |TAMS 0x0000000082800000, 0x0000000082800000| Untracked 
|  15|0x0000000082900000, 0x0000000082900000, 0x0000000082a00000|  0%| F|  |TAMS 0x0000000082900000, 0x0000000082900000| Untracked 
|  16|0x0000000082a00000, 0x0000000082a00000, 0x0000000082b00000|  0%| F|  |TAMS 0x0000000082a00000, 0x0000000082a00000| Untracked 
|  17|0x0000000082b00000, 0x0000000082b00000, 0x0000000082c00000|  0%| F|  |TAMS 0x0000000082b00000, 0x0000000082b00000| Untracked 
|  18|0x0000000082c00000, 0x0000000082c00000, 0x0000000082d00000|  0%| F|  |TAMS 0x0000000082c00000, 0x0000000082c00000| Untracked 
|  19|0x0000000082d00000, 0x0000000082d00000, 0x0000000082e00000|  0%| F|  |TAMS 0x0000000082d00000, 0x0000000082d00000| Untracked 
|  20|0x0000000082e00000, 0x0000000082e00000, 0x0000000082f00000|  0%| F|  |TAMS 0x0000000082e00000, 0x0000000082e00000| Untracked 
|  21|0x0000000082f00000, 0x0000000082f00000, 0x0000000083000000|  0%| F|  |TAMS 0x0000000082f00000, 0x0000000082f00000| Untracked 
|  22|0x0000000083000000, 0x0000000083000000, 0x0000000083100000|  0%| F|  |TAMS 0x0000000083000000, 0x0000000083000000| Untracked 
|  23|0x0000000083100000, 0x0000000083100000, 0x0000000083200000|  0%| F|  |TAMS 0x0000000083100000, 0x0000000083100000| Untracked 
|  24|0x0000000083200000, 0x0000000083200000, 0x0000000083300000|  0%| F|  |TAMS 0x0000000083200000, 0x0000000083200000| Untracked 
|  25|0x0000000083300000, 0x0000000083300000, 0x0000000083400000|  0%| F|  |TAMS 0x0000000083300000, 0x0000000083300000| Untracked 
|  26|0x0000000083400000, 0x0000000083400000, 0x0000000083500000|  0%| F|  |TAMS 0x0000000083400000, 0x0000000083400000| Untracked 
|  27|0x0000000083500000, 0x0000000083500000, 0x0000000083600000|  0%| F|  |TAMS 0x0000000083500000, 0x0000000083500000| Untracked 
|  28|0x0000000083600000, 0x0000000083600000, 0x0000000083700000|  0%| F|  |TAMS 0x0000000083600000, 0x0000000083600000| Untracked 
|  29|0x0000000083700000, 0x0000000083700000, 0x0000000083800000|  0%| F|  |TAMS 0x0000000083700000, 0x0000000083700000| Untracked 
|  30|0x0000000083800000, 0x0000000083800000, 0x0000000083900000|  0%| F|  |TAMS 0x0000000083800000, 0x0000000083800000| Untracked 
|  31|0x0000000083900000, 0x0000000083900000, 0x0000000083a00000|  0%| F|  |TAMS 0x0000000083900000, 0x0000000083900000| Untracked 
|  32|0x0000000083a00000, 0x0000000083a00000, 0x0000000083b00000|  0%| F|  |TAMS 0x0000000083a00000, 0x0000000083a00000| Untracked 
|  33|0x0000000083b00000, 0x0000000083b00000, 0x0000000083c00000|  0%| F|  |TAMS 0x0000000083b00000, 0x0000000083b00000| Untracked 
|  34|0x0000000083c00000, 0x0000000083c00000, 0x0000000083d00000|  0%| F|  |TAMS 0x0000000083c00000, 0x0000000083c00000| Untracked 
|  35|0x0000000083d00000, 0x0000000083d00000, 0x0000000083e00000|  0%| F|  |TAMS 0x0000000083d00000, 0x0000000083d00000| Untracked 
|  36|0x0000000083e00000, 0x0000000083e00000, 0x0000000083f00000|  0%| F|  |TAMS 0x0000000083e00000, 0x0000000083e00000| Untracked 
|  37|0x0000000083f00000, 0x0000000083f00000, 0x0000000084000000|  0%| F|  |TAMS 0x0000000083f00000, 0x0000000083f00000| Untracked 
|  38|0x0000000084000000, 0x0000000084000000, 0x0000000084100000|  0%| F|  |TAMS 0x0000000084000000, 0x0000000084000000| Untracked 
|  39|0x0000000084100000, 0x0000000084100000, 0x0000000084200000|  0%| F|  |TAMS 0x0000000084100000, 0x0000000084100000| Untracked 
|  40|0x0000000084200000, 0x0000000084200000, 0x0000000084300000|  0%| F|  |TAMS 0x0000000084200000, 0x0000000084200000| Untracked 
|  41|0x0000000084300000, 0x0000000084300000, 0x0000000084400000|  0%| F|  |TAMS 0x0000000084300000, 0x0000000084300000| Untracked 
|  42|0x0000000084400000, 0x0000000084400000, 0x0000000084500000|  0%| F|  |TAMS 0x0000000084400000, 0x0000000084400000| Untracked 
|  43|0x0000000084500000, 0x0000000084500000, 0x0000000084600000|  0%| F|  |TAMS 0x0000000084500000, 0x0000000084500000| Untracked 
|  44|0x0000000084600000, 0x0000000084600000, 0x0000000084700000|  0%| F|  |TAMS 0x0000000084600000, 0x0000000084600000| Untracked 
|  45|0x0000000084700000, 0x0000000084700000, 0x0000000084800000|  0%| F|  |TAMS 0x0000000084700000, 0x0000000084700000| Untracked 
|  46|0x0000000084800000, 0x0000000084800000, 0x0000000084900000|  0%| F|  |TAMS 0x0000000084800000, 0x0000000084800000| Untracked 
|  47|0x0000000084900000, 0x0000000084900000, 0x0000000084a00000|  0%| F|  |TAMS 0x0000000084900000, 0x0000000084900000| Untracked 
|  48|0x0000000084a00000, 0x0000000084a00000, 0x0000000084b00000|  0%| F|  |TAMS 0x0000000084a00000, 0x0000000084a00000| Untracked 
|  49|0x0000000084b00000, 0x0000000084b00000, 0x0000000084c00000|  0%| F|  |TAMS 0x0000000084b00000, 0x0000000084b00000| Untracked 
|  50|0x0000000084c00000, 0x0000000084c00000, 0x0000000084d00000|  0%| F|  |TAMS 0x0000000084c00000, 0x0000000084c00000| Untracked 
|  51|0x0000000084d00000, 0x0000000084d00000, 0x0000000084e00000|  0%| F|  |TAMS 0x0000000084d00000, 0x0000000084d00000| Untracked 
|  52|0x0000000084e00000, 0x0000000084e00000, 0x0000000084f00000|  0%| F|  |TAMS 0x0000000084e00000, 0x0000000084e00000| Untracked 
|  53|0x0000000084f00000, 0x0000000084f00000, 0x0000000085000000|  0%| F|  |TAMS 0x0000000084f00000, 0x0000000084f00000| Untracked 
|  54|0x0000000085000000, 0x0000000085000000, 0x0000000085100000|  0%| F|  |TAMS 0x0000000085000000, 0x0000000085000000| Untracked 
|  55|0x0000000085100000, 0x0000000085100000, 0x0000000085200000|  0%| F|  |TAMS 0x0000000085100000, 0x0000000085100000| Untracked 
|  56|0x0000000085200000, 0x0000000085200000, 0x0000000085300000|  0%| F|  |TAMS 0x0000000085200000, 0x0000000085200000| Untracked 
|  57|0x0000000085300000, 0x0000000085300000, 0x0000000085400000|  0%| F|  |TAMS 0x0000000085300000, 0x0000000085300000| Untracked 
|  58|0x0000000085400000, 0x0000000085400000, 0x0000000085500000|  0%| F|  |TAMS 0x0000000085400000, 0x0000000085400000| Untracked 
|  59|0x0000000085500000, 0x0000000085500000, 0x0000000085600000|  0%| F|  |TAMS 0x0000000085500000, 0x0000000085500000| Untracked 
|  60|0x0000000085600000, 0x0000000085600000, 0x0000000085700000|  0%| F|  |TAMS 0x0000000085600000, 0x0000000085600000| Untracked 
|  61|0x0000000085700000, 0x0000000085700000, 0x0000000085800000|  0%| F|  |TAMS 0x0000000085700000, 0x0000000085700000| Untracked 
|  62|0x0000000085800000, 0x0000000085800000, 0x0000000085900000|  0%| F|  |TAMS 0x0000000085800000, 0x0000000085800000| Untracked 
|  63|0x0000000085900000, 0x0000000085900000, 0x0000000085a00000|  0%| F|  |TAMS 0x0000000085900000, 0x0000000085900000| Untracked 
|  64|0x0000000085a00000, 0x0000000085a00000, 0x0000000085b00000|  0%| F|  |TAMS 0x0000000085a00000, 0x0000000085a00000| Untracked 
|  65|0x0000000085b00000, 0x0000000085b00000, 0x0000000085c00000|  0%| F|  |TAMS 0x0000000085b00000, 0x0000000085b00000| Untracked 
|  66|0x0000000085c00000, 0x0000000085c00000, 0x0000000085d00000|  0%| F|  |TAMS 0x0000000085c00000, 0x0000000085c00000| Untracked 
|  67|0x0000000085d00000, 0x0000000085d00000, 0x0000000085e00000|  0%| F|  |TAMS 0x0000000085d00000, 0x0000000085d00000| Untracked 
|  68|0x0000000085e00000, 0x0000000085e00000, 0x0000000085f00000|  0%| F|  |TAMS 0x0000000085e00000, 0x0000000085e00000| Untracked 
|  69|0x0000000085f00000, 0x0000000085f00000, 0x0000000086000000|  0%| F|  |TAMS 0x0000000085f00000, 0x0000000085f00000| Untracked 
|  70|0x0000000086000000, 0x0000000086000000, 0x0000000086100000|  0%| F|  |TAMS 0x0000000086000000, 0x0000000086000000| Untracked 
|  71|0x0000000086100000, 0x0000000086100000, 0x0000000086200000|  0%| F|  |TAMS 0x0000000086100000, 0x0000000086100000| Untracked 
|  72|0x0000000086200000, 0x0000000086200000, 0x0000000086300000|  0%| F|  |TAMS 0x0000000086200000, 0x0000000086200000| Untracked 
|  73|0x0000000086300000, 0x0000000086300000, 0x0000000086400000|  0%| F|  |TAMS 0x0000000086300000, 0x0000000086300000| Untracked 
|  74|0x0000000086400000, 0x0000000086400000, 0x0000000086500000|  0%| F|  |TAMS 0x0000000086400000, 0x0000000086400000| Untracked 
|  75|0x0000000086500000, 0x0000000086500000, 0x0000000086600000|  0%| F|  |TAMS 0x0000000086500000, 0x0000000086500000| Untracked 
|  76|0x0000000086600000, 0x0000000086600000, 0x0000000086700000|  0%| F|  |TAMS 0x0000000086600000, 0x0000000086600000| Untracked 
|  77|0x0000000086700000, 0x0000000086700000, 0x0000000086800000|  0%| F|  |TAMS 0x0000000086700000, 0x0000000086700000| Untracked 
|  78|0x0000000086800000, 0x0000000086800000, 0x0000000086900000|  0%| F|  |TAMS 0x0000000086800000, 0x0000000086800000| Untracked 
|  79|0x0000000086900000, 0x0000000086900000, 0x0000000086a00000|  0%| F|  |TAMS 0x0000000086900000, 0x0000000086900000| Untracked 
|  80|0x0000000086a00000, 0x0000000086a00000, 0x0000000086b00000|  0%| F|  |TAMS 0x0000000086a00000, 0x0000000086a00000| Untracked 
|  81|0x0000000086b00000, 0x0000000086b00000, 0x0000000086c00000|  0%| F|  |TAMS 0x0000000086b00000, 0x0000000086b00000| Untracked 
|  82|0x0000000086c00000, 0x0000000086c00000, 0x0000000086d00000|  0%| F|  |TAMS 0x0000000086c00000, 0x0000000086c00000| Untracked 
|  83|0x0000000086d00000, 0x0000000086d00000, 0x0000000086e00000|  0%| F|  |TAMS 0x0000000086d00000, 0x0000000086d00000| Untracked 
|  84|0x0000000086e00000, 0x0000000086e00000, 0x0000000086f00000|  0%| F|  |TAMS 0x0000000086e00000, 0x0000000086e00000| Untracked 
|  85|0x0000000086f00000, 0x0000000086f00000, 0x0000000087000000|  0%| F|  |TAMS 0x0000000086f00000, 0x0000000086f00000| Untracked 
|  86|0x0000000087000000, 0x0000000087000000, 0x0000000087100000|  0%| F|  |TAMS 0x0000000087000000, 0x0000000087000000| Untracked 
|  87|0x0000000087100000, 0x0000000087100000, 0x0000000087200000|  0%| F|  |TAMS 0x0000000087100000, 0x0000000087100000| Untracked 
|  88|0x0000000087200000, 0x0000000087200000, 0x0000000087300000|  0%| F|  |TAMS 0x0000000087200000, 0x0000000087200000| Untracked 
|  89|0x0000000087300000, 0x0000000087300000, 0x0000000087400000|  0%| F|  |TAMS 0x0000000087300000, 0x0000000087300000| Untracked 
|  90|0x0000000087400000, 0x0000000087400000, 0x0000000087500000|  0%| F|  |TAMS 0x0000000087400000, 0x0000000087400000| Untracked 
|  91|0x0000000087500000, 0x0000000087500000, 0x0000000087600000|  0%| F|  |TAMS 0x0000000087500000, 0x0000000087500000| Untracked 
|  92|0x0000000087600000, 0x0000000087600000, 0x0000000087700000|  0%| F|  |TAMS 0x0000000087600000, 0x0000000087600000| Untracked 
|  93|0x0000000087700000, 0x0000000087700000, 0x0000000087800000|  0%| F|  |TAMS 0x0000000087700000, 0x0000000087700000| Untracked 
|  94|0x0000000087800000, 0x0000000087800000, 0x0000000087900000|  0%| F|  |TAMS 0x0000000087800000, 0x0000000087800000| Untracked 
|  95|0x0000000087900000, 0x0000000087900000, 0x0000000087a00000|  0%| F|  |TAMS 0x0000000087900000, 0x0000000087900000| Untracked 
|  96|0x0000000087a00000, 0x0000000087a00000, 0x0000000087b00000|  0%| F|  |TAMS 0x0000000087a00000, 0x0000000087a00000| Untracked 
|  97|0x0000000087b00000, 0x0000000087b00000, 0x0000000087c00000|  0%| F|  |TAMS 0x0000000087b00000, 0x0000000087b00000| Untracked 
|  98|0x0000000087c00000, 0x0000000087c00000, 0x0000000087d00000|  0%| F|  |TAMS 0x0000000087c00000, 0x0000000087c00000| Untracked 
|  99|0x0000000087d00000, 0x0000000087d00000, 0x0000000087e00000|  0%| F|  |TAMS 0x0000000087d00000, 0x0000000087d00000| Untracked 
| 100|0x0000000087e00000, 0x0000000087e00000, 0x0000000087f00000|  0%| F|  |TAMS 0x0000000087e00000, 0x0000000087e00000| Untracked 
| 101|0x0000000087f00000, 0x0000000087f00000, 0x0000000088000000|  0%| F|  |TAMS 0x0000000087f00000, 0x0000000087f00000| Untracked 
| 102|0x0000000088000000, 0x0000000088000000, 0x0000000088100000|  0%| F|  |TAMS 0x0000000088000000, 0x0000000088000000| Untracked 
| 103|0x0000000088100000, 0x0000000088100000, 0x0000000088200000|  0%| F|  |TAMS 0x0000000088100000, 0x0000000088100000| Untracked 
| 104|0x0000000088200000, 0x0000000088200000, 0x0000000088300000|  0%| F|  |TAMS 0x0000000088200000, 0x0000000088200000| Untracked 
| 105|0x0000000088300000, 0x0000000088300000, 0x0000000088400000|  0%| F|  |TAMS 0x0000000088300000, 0x0000000088300000| Untracked 
| 106|0x0000000088400000, 0x0000000088400000, 0x0000000088500000|  0%| F|  |TAMS 0x0000000088400000, 0x0000000088400000| Untracked 
| 107|0x0000000088500000, 0x0000000088500000, 0x0000000088600000|  0%| F|  |TAMS 0x0000000088500000, 0x0000000088500000| Untracked 
| 108|0x0000000088600000, 0x0000000088600000, 0x0000000088700000|  0%| F|  |TAMS 0x0000000088600000, 0x0000000088600000| Untracked 
| 109|0x0000000088700000, 0x0000000088700000, 0x0000000088800000|  0%| F|  |TAMS 0x0000000088700000, 0x0000000088700000| Untracked 
| 110|0x0000000088800000, 0x0000000088800000, 0x0000000088900000|  0%| F|  |TAMS 0x0000000088800000, 0x0000000088800000| Untracked 
| 111|0x0000000088900000, 0x0000000088900000, 0x0000000088a00000|  0%| F|  |TAMS 0x0000000088900000, 0x0000000088900000| Untracked 
| 112|0x0000000088a00000, 0x0000000088b00000, 0x0000000088b00000|100%| S|CS|TAMS 0x0000000088a00000, 0x0000000088a00000| Complete 
| 113|0x0000000088b00000, 0x0000000088c00000, 0x0000000088c00000|100%| S|CS|TAMS 0x0000000088b00000, 0x0000000088b00000| Complete 
| 114|0x0000000088c00000, 0x0000000088c00000, 0x0000000088d00000|  0%| F|  |TAMS 0x0000000088c00000, 0x0000000088c00000| Untracked 
| 115|0x0000000088d00000, 0x0000000088d00000, 0x0000000088e00000|  0%| F|  |TAMS 0x0000000088d00000, 0x0000000088d00000| Untracked 
| 116|0x0000000088e00000, 0x0000000088e00000, 0x0000000088f00000|  0%| F|  |TAMS 0x0000000088e00000, 0x0000000088e00000| Untracked 
| 117|0x0000000088f00000, 0x0000000088f00000, 0x0000000089000000|  0%| F|  |TAMS 0x0000000088f00000, 0x0000000088f00000| Untracked 
| 118|0x0000000089000000, 0x0000000089000000, 0x0000000089100000|  0%| F|  |TAMS 0x0000000089000000, 0x0000000089000000| Untracked 
| 119|0x0000000089100000, 0x0000000089100000, 0x0000000089200000|  0%| F|  |TAMS 0x0000000089100000, 0x0000000089100000| Untracked 
| 120|0x0000000089200000, 0x0000000089200000, 0x0000000089300000|  0%| F|  |TAMS 0x0000000089200000, 0x0000000089200000| Untracked 
| 121|0x0000000089300000, 0x0000000089300000, 0x0000000089400000|  0%| F|  |TAMS 0x0000000089300000, 0x0000000089300000| Untracked 
| 122|0x0000000089400000, 0x0000000089400000, 0x0000000089500000|  0%| F|  |TAMS 0x0000000089400000, 0x0000000089400000| Untracked 
| 123|0x0000000089500000, 0x0000000089500000, 0x0000000089600000|  0%| F|  |TAMS 0x0000000089500000, 0x0000000089500000| Untracked 
| 124|0x0000000089600000, 0x0000000089600000, 0x0000000089700000|  0%| F|  |TAMS 0x0000000089600000, 0x0000000089600000| Untracked 
| 125|0x0000000089700000, 0x0000000089800000, 0x0000000089800000|100%| E|  |TAMS 0x0000000089700000, 0x0000000089700000| Complete 
| 126|0x0000000089800000, 0x0000000089900000, 0x0000000089900000|100%| E|CS|TAMS 0x0000000089800000, 0x0000000089800000| Complete 
| 127|0x0000000089900000, 0x0000000089a00000, 0x0000000089a00000|100%| E|CS|TAMS 0x0000000089900000, 0x0000000089900000| Complete 

Card table byte_map: [0x000002c179410000,0x000002c179810000] _byte_map_base: 0x000002c179003000

Marking Bits (Prev, Next): (CMBitMap*) 0x000002c1618bec58, (CMBitMap*) 0x000002c1618bec90
 Prev Bits: [0x000002c179c10000, 0x000002c17bba8000)
 Next Bits: [0x000002c17bbb0000, 0x000002c17db48000)

Polling page: 0x000002c15f6f0000

Metaspace:

Usage:
  Non-class:      9.76 MB capacity,     9.65 MB ( 99%) used,    93.98 KB ( <1%) free+waste,    12.25 KB ( <1%) overhead. 
      Class:      1.08 MB capacity,  1017.62 KB ( 92%) used,    82.76 KB (  7%) free+waste,     5.62 KB ( <1%) overhead. 
       Both:     10.84 MB capacity,    10.65 MB ( 98%) used,   176.73 KB (  2%) free+waste,    17.88 KB ( <1%) overhead. 

Virtual space:
  Non-class space:       10.00 MB reserved,      10.00 MB (100%) committed 
      Class space:        1.00 GB reserved,       1.12 MB ( <1%) committed 
             Both:        1.01 GB reserved,      11.12 MB (  1%) committed 

Chunk freelists:
   Non-Class:  57.00 KB
       Class:  14.00 KB
        Both:  71.00 KB

MaxMetaspaceSize: 17179869184.00 GB
CompressedClassSpaceSize: 1.00 GB
Initial GC threshold: 20.80 MB
Current GC threshold: 20.80 MB
CDS: off

CodeHeap 'non-profiled nmethods': size=120064Kb used=255Kb max_used=255Kb free=119809Kb
 bounds [0x000002c171ad0000, 0x000002c171d40000, 0x000002c179010000]
CodeHeap 'profiled nmethods': size=120000Kb used=1643Kb max_used=1643Kb free=118356Kb
 bounds [0x000002c16a5a0000, 0x000002c16a810000, 0x000002c171ad0000]
CodeHeap 'non-nmethods': size=5696Kb used=1133Kb max_used=1138Kb free=4562Kb
 bounds [0x000002c16a010000, 0x000002c16a280000, 0x000002c16a5a0000]
 total_blobs=1224 nmethods=836 adapters=301
 compilation: enabled
              stopped_count=0, restarted_count=0
 full_count=0

Compilation events (20 events):
Event: 1.039 Thread 0x000002c1001f0800  701       3       java.net.URL::toString (5 bytes)
Event: 1.039 Thread 0x000002c1001f0800 nmethod 701 0x000002c16a6f0c90 code [0x000002c16a6f0e60, 0x000002c16a6f1088]
Event: 1.041 Thread 0x000002c1001f0800  703       3       java.util.zip.ZipFile$Source::getEntryPos (9 bytes)
Event: 1.041 Thread 0x000002c1001f0800 nmethod 703 0x000002c16a6f1190 code [0x000002c16a6f1340, 0x000002c16a6f1478]
Event: 1.043 Thread 0x000002c1001f0800  704       3       jdk.internal.perf.PerfCounter::addElapsedTimeFrom (10 bytes)
Event: 1.044 Thread 0x000002c1001f0800 nmethod 704 0x000002c16a6f1590 code [0x000002c16a6f1780, 0x000002c16a6f1e98]
Event: 1.050 Thread 0x000002c1001f0800  707       3       java.io.FilterInputStream::<init> (10 bytes)
Event: 1.050 Thread 0x000002c1001f0800 nmethod 707 0x000002c16a6f2110 code [0x000002c16a6f22c0, 0x000002c16a6f24d8]
Event: 1.062 Thread 0x000002c1001f0800  709       3       java.util.zip.Checksum::update (11 bytes)
Event: 1.062 Thread 0x000002c1001f0800 nmethod 709 0x000002c16a6f2590 code [0x000002c16a6f2740, 0x000002c16a6f2908]
Event: 1.063 Thread 0x000002c1001f0800  710       3       java.util.zip.CRC32::update (51 bytes)
Event: 1.063 Thread 0x000002c101053000  705       4       java.lang.StringLatin1::inflate (34 bytes)
Event: 1.063 Thread 0x000002c1001f0800 nmethod 710 0x000002c16a6f2a10 code [0x000002c16a6f2c00, 0x000002c16a6f3028]
Event: 1.069 Thread 0x000002c101053000 nmethod 705 0x000002c171b05f90 code [0x000002c171b06120, 0x000002c171b063f8]
Event: 1.069 Thread 0x000002c101053000  706       4       java.lang.StringBuilder::toString (35 bytes)
Event: 1.073 Thread 0x000002c101053000 nmethod 706 0x000002c171b06510 code [0x000002c171b066c0, 0x000002c171b06ad8]
Event: 1.073 Thread 0x000002c101053000  690       4       java.lang.StringBuilder::<init> (7 bytes)
Event: 1.074 Thread 0x000002c101053000 nmethod 690 0x000002c171b06c90 code [0x000002c171b06e20, 0x000002c171b06fd8]
Event: 1.074 Thread 0x000002c101053000  708       4       java.util.Objects::requireNonNull (15 bytes)
Event: 1.075 Thread 0x000002c101053000 nmethod 708 0x000002c171b07090 code [0x000002c171b07220, 0x000002c171b07278]

GC Heap History (1 events):
Event: 1.080 GC heap before
{Heap before GC invocations=0 (full 0):
 garbage-first heap   total 131072K, used 14336K [0x0000000081a00000, 0x0000000100000000)
  region size 1024K, 14 young (14336K), 0 survivors (0K)
 Metaspace       used 9784K, capacity 9926K, committed 9984K, reserved 1058816K
  class space    used 889K, capacity 990K, committed 1024K, reserved 1048576K
}

Deoptimization events (20 events):
Event: 0.276 Thread 0x000002c16187f800 DEOPT PACKING pc=0x000002c16a5dbe50 sp=0x000000df3befac70
Event: 0.276 Thread 0x000002c16187f800 DEOPT UNPACKING pc=0x000002c16a05a95e sp=0x000000df3befa0f8 mode 0
Event: 0.279 Thread 0x000002c16187f800 DEOPT PACKING pc=0x000002c16a5dbe50 sp=0x000000df3befac50
Event: 0.279 Thread 0x000002c16187f800 DEOPT UNPACKING pc=0x000002c16a05a95e sp=0x000000df3befa0d8 mode 0
Event: 0.392 Thread 0x000002c16187f800 DEOPT PACKING pc=0x000002c16a5f897f sp=0x000000df3befe0d0
Event: 0.392 Thread 0x000002c16187f800 DEOPT UNPACKING pc=0x000002c16a05a95e sp=0x000000df3befd520 mode 0
Event: 0.522 Thread 0x000002c16187f800 Uncommon trap: trap_request=0xffffff76 fr.pc=0x000002c171af4ec0 relative=0x0000000000000400
Event: 0.522 Thread 0x000002c16187f800 Uncommon trap: reason=loop_limit_check action=maybe_recompile pc=0x000002c171af4ec0 method=java.lang.StringLatin1.indexOf([BI[BII)I @ 37 c2
Event: 0.522 Thread 0x000002c16187f800 DEOPT PACKING pc=0x000002c171af4ec0 sp=0x000000df3befc600
Event: 0.522 Thread 0x000002c16187f800 DEOPT UNPACKING pc=0x000002c16a05a1af sp=0x000000df3befc560 mode 2
Event: 0.950 Thread 0x000002c16187f800 Uncommon trap: trap_request=0xffffff4d fr.pc=0x000002c171adac74 relative=0x00000000000003b4
Event: 0.950 Thread 0x000002c16187f800 Uncommon trap: reason=unstable_if action=reinterpret pc=0x000002c171adac74 method=java.lang.StringLatin1.canEncode(I)Z @ 4 c2
Event: 0.950 Thread 0x000002c16187f800 DEOPT PACKING pc=0x000002c171adac74 sp=0x000000df3befdb20
Event: 0.950 Thread 0x000002c16187f800 DEOPT UNPACKING pc=0x000002c16a05a1af sp=0x000000df3befda48 mode 2
Event: 0.950 Thread 0x000002c16187f800 Uncommon trap: trap_request=0xffffff4d fr.pc=0x000002c171add158 relative=0x0000000000000398
Event: 0.950 Thread 0x000002c16187f800 Uncommon trap: reason=unstable_if action=reinterpret pc=0x000002c171add158 method=java.lang.AbstractStringBuilder.isLatin1()Z @ 10 c2
Event: 0.950 Thread 0x000002c16187f800 DEOPT PACKING pc=0x000002c171add158 sp=0x000000df3befdb30
Event: 0.950 Thread 0x000002c16187f800 DEOPT UNPACKING pc=0x000002c16a05a1af sp=0x000000df3befdab0 mode 2
Event: 1.044 Thread 0x000002c16187f800 DEOPT PACKING pc=0x000002c16a5c9b5b sp=0x000000df3befbba0
Event: 1.044 Thread 0x000002c16187f800 DEOPT UNPACKING pc=0x000002c16a05a95e sp=0x000000df3befb018 mode 0

Classes redefined (0 events):
No events

Internal exceptions (12 events):
Event: 0.165 Thread 0x000002c16187f800 Exception <a 'java/lang/NoSuchMethodError'{0x0000000089880e88}: 'int java.lang.invoke.DirectMethodHandle$Holder.invokeStatic(java.lang.Object, java.lang.Object, java.lang.Object, java.lang.Object, java.lang.Object)'> (0x0000000089880e88) thrown at [s\src\hotspot\share\interpreter\linkResolver.cpp, line 773]
Event: 0.309 Thread 0x000002c16187f800 Exception <a 'java/lang/NullPointerException'{0x0000000089413028}> (0x0000000089413028) thrown at [s\src\hotspot\share\interpreter\linkResolver.cpp, line 1358]
Event: 0.320 Thread 0x000002c16187f800 Exception <a 'java/lang/NullPointerException'{0x0000000089444600}> (0x0000000089444600) thrown at [s\src\hotspot\share\interpreter\linkResolver.cpp, line 1358]
Event: 0.320 Thread 0x000002c16187f800 Exception <a 'java/lang/NullPointerException'{0x00000000894448d0}> (0x00000000894448d0) thrown at [s\src\hotspot\share\interpreter\linkResolver.cpp, line 1358]
Event: 0.320 Thread 0x000002c16187f800 Exception <a 'java/lang/NullPointerException'{0x0000000089444ba0}> (0x0000000089444ba0) thrown at [s\src\hotspot\share\interpreter\linkResolver.cpp, line 1358]
Event: 0.321 Thread 0x000002c16187f800 Exception <a 'java/lang/NullPointerException'{0x00000000894992d8}> (0x00000000894992d8) thrown at [s\src\hotspot\share\interpreter\linkResolver.cpp, line 1358]
Event: 0.324 Thread 0x000002c16187f800 Exception <a 'java/lang/NullPointerException'{0x00000000894b6940}> (0x00000000894b6940) thrown at [s\src\hotspot\share\interpreter\linkResolver.cpp, line 1358]
Event: 0.324 Thread 0x000002c16187f800 Exception <a 'java/lang/NullPointerException'{0x00000000894b6c10}> (0x00000000894b6c10) thrown at [s\src\hotspot\share\interpreter\linkResolver.cpp, line 1358]
Event: 0.324 Thread 0x000002c16187f800 Exception <a 'java/lang/NullPointerException'{0x00000000894b6ee0}> (0x00000000894b6ee0) thrown at [s\src\hotspot\share\interpreter\linkResolver.cpp, line 1358]
Event: 0.324 Thread 0x000002c16187f800 Exception <a 'java/lang/NullPointerException'{0x00000000894b71b0}> (0x00000000894b71b0) thrown at [s\src\hotspot\share\interpreter\linkResolver.cpp, line 1358]
Event: 0.347 Thread 0x000002c16187f800 Exception <a 'java/lang/NoSuchMethodError'{0x0000000089368d28}: 'void java.lang.invoke.DirectMethodHandle$Holder.invokeStaticInit(java.lang.Object, java.lang.Object)'> (0x0000000089368d28) thrown at [s\src\hotspot\share\interpreter\linkResolver.cpp, line 773]
Event: 0.687 Thread 0x000002c16187f800 Exception <a 'java/lang/NoSuchMethodError'{0x00000000890bbe88}: 'java.lang.Object java.lang.invoke.DirectMethodHandle$Holder.invokeSpecialIFC(java.lang.Object, java.lang.Object, java.lang.Object, java.lang.Object)'> (0x00000000890bbe88) thrown at [s\src\hotspot\share\interpreter\linkResolver.cpp, line 773]

Events (20 events):
Event: 1.059 loading class org/eclipse/sisu/plexus/PlexusAnnotatedBeanModule
Event: 1.059 loading class org/eclipse/sisu/plexus/PlexusAnnotatedBeanModule done
Event: 1.060 loading class org/eclipse/sisu/space/SpaceModule$Strategy
Event: 1.060 loading class org/eclipse/sisu/space/SpaceModule$Strategy done
Event: 1.061 loading class org/eclipse/sisu/plexus/PlexusAnnotatedBeanModule$1
Event: 1.061 loading class org/eclipse/sisu/plexus/PlexusAnnotatedBeanModule$1 done
Event: 1.062 loading class org/eclipse/sisu/plexus/PlexusTypeListener
Event: 1.062 loading class org/eclipse/sisu/plexus/PlexusTypeListener done
Event: 1.063 Thread 0x000002c101053000 Thread added: 0x000002c101053000
Event: 1.063 loading class org/eclipse/sisu/space/QualifiedTypeListener
Event: 1.063 loading class org/eclipse/sisu/space/QualifiedTypeListener done
Event: 1.064 loading class org/eclipse/sisu/space/SpaceVisitor
Event: 1.064 loading class org/eclipse/sisu/space/SpaceVisitor done
Event: 1.065 loading class org/eclipse/sisu/space/SpaceModule
Event: 1.065 loading class org/eclipse/sisu/space/SpaceModule done
Event: 1.066 loading class org/eclipse/sisu/space/ClassFinder
Event: 1.066 loading class org/eclipse/sisu/space/ClassFinder done
Event: 1.067 loading class org/eclipse/sisu/space/IndexedClassFinder
Event: 1.067 loading class org/eclipse/sisu/space/IndexedClassFinder done
Event: 1.080 Executing VM operation: G1CollectForAllocation


Dynamic libraries:
0x00007ff7eb0e0000 - 0x00007ff7eb0ee000 	C:\Program Files\Amazon Corretto\jdk11.0.22_7\bin\java.exe
0x00007ffa47150000 - 0x00007ffa47348000 	C:\WINDOWS\SYSTEM32\ntdll.dll
0x00007ffa45550000 - 0x00007ffa45612000 	C:\WINDOWS\System32\KERNEL32.DLL
0x00007ffa44b20000 - 0x00007ffa44e17000 	C:\WINDOWS\System32\KERNELBASE.dll
0x00007ffa447e0000 - 0x00007ffa448e0000 	C:\WINDOWS\System32\ucrtbase.dll
0x00007ff9fce10000 - 0x00007ff9fce2b000 	C:\Program Files\Amazon Corretto\jdk11.0.22_7\bin\VCRUNTIME140.dll
0x00007ff9f9930000 - 0x00007ff9f9947000 	C:\Program Files\Amazon Corretto\jdk11.0.22_7\bin\jli.dll
0x00007ffa45620000 - 0x00007ffa457bd000 	C:\WINDOWS\System32\USER32.dll
0x00007ffa448e0000 - 0x00007ffa44902000 	C:\WINDOWS\System32\win32u.dll
0x00007ffa439f0000 - 0x00007ffa43c8a000 	C:\WINDOWS\WinSxS\amd64_microsoft.windows.common-controls_6595b64144ccf1df_6.0.19041.5915_none_60b4b9d171f9c7c7\COMCTL32.dll
0x00007ffa46340000 - 0x00007ffa4636b000 	C:\WINDOWS\System32\GDI32.dll
0x00007ffa46180000 - 0x00007ffa4621e000 	C:\WINDOWS\System32\msvcrt.dll
0x00007ffa45000000 - 0x00007ffa45119000 	C:\WINDOWS\System32\gdi32full.dll
0x00007ffa44940000 - 0x00007ffa449dd000 	C:\WINDOWS\System32\msvcp_win.dll
0x00007ffa45b90000 - 0x00007ffa45bbf000 	C:\WINDOWS\System32\IMM32.DLL
0x00007ffa32e90000 - 0x00007ffa32e9c000 	C:\Program Files\Amazon Corretto\jdk11.0.22_7\bin\vcruntime140_1.dll
0x00007ff9f2680000 - 0x00007ff9f270d000 	C:\Program Files\Amazon Corretto\jdk11.0.22_7\bin\msvcp140.dll
0x00007ff9c9200000 - 0x00007ff9c9dc3000 	C:\Program Files\Amazon Corretto\jdk11.0.22_7\bin\server\jvm.dll
0x00007ffa45f20000 - 0x00007ffa45fd1000 	C:\WINDOWS\System32\ADVAPI32.dll
0x00007ffa46370000 - 0x00007ffa4640f000 	C:\WINDOWS\System32\sechost.dll
0x00007ffa452f0000 - 0x00007ffa45416000 	C:\WINDOWS\System32\RPCRT4.dll
0x00007ffa44910000 - 0x00007ffa44937000 	C:\WINDOWS\System32\bcrypt.dll
0x00007ffa45c70000 - 0x00007ffa45c78000 	C:\WINDOWS\System32\PSAPI.DLL
0x00007ffa2b240000 - 0x00007ffa2b249000 	C:\WINDOWS\SYSTEM32\WSOCK32.dll
0x00007ffa29a50000 - 0x00007ffa29a77000 	C:\WINDOWS\SYSTEM32\WINMM.dll
0x00007ffa42f10000 - 0x00007ffa42f1a000 	C:\WINDOWS\SYSTEM32\VERSION.dll
0x00007ffa45b20000 - 0x00007ffa45b8b000 	C:\WINDOWS\System32\WS2_32.dll
0x00007ffa42010000 - 0x00007ffa42022000 	C:\WINDOWS\SYSTEM32\kernel.appcore.dll
0x00007ffa288c0000 - 0x00007ffa288d0000 	C:\Program Files\Amazon Corretto\jdk11.0.22_7\bin\verify.dll
0x00007ffa43f70000 - 0x00007ffa44171000 	C:\WINDOWS\SYSTEM32\DBGHELP.DLL
0x00007ffa43d40000 - 0x00007ffa43d74000 	C:\WINDOWS\SYSTEM32\dbgcore.DLL
0x00007ffa449e0000 - 0x00007ffa44a62000 	C:\WINDOWS\System32\bcryptPrimitives.dll
0x00007ff9f7320000 - 0x00007ff9f7348000 	C:\Program Files\Amazon Corretto\jdk11.0.22_7\bin\java.dll
0x00007ffa26e50000 - 0x00007ffa26e5a000 	C:\Program Files\Amazon Corretto\jdk11.0.22_7\bin\jimage.dll
0x00007ff9f7300000 - 0x00007ff9f7318000 	C:\Program Files\Amazon Corretto\jdk11.0.22_7\bin\zip.dll
0x00007ffa46410000 - 0x00007ffa46b7e000 	C:\WINDOWS\System32\SHELL32.dll
0x00007ffa42630000 - 0x00007ffa42dd4000 	C:\WINDOWS\SYSTEM32\windows.storage.dll
0x00007ffa457c0000 - 0x00007ffa45b13000 	C:\WINDOWS\System32\combase.dll
0x00007ffa439c0000 - 0x00007ffa439eb000 	C:\WINDOWS\SYSTEM32\Wldp.dll
0x00007ffa45ff0000 - 0x00007ffa460bd000 	C:\WINDOWS\System32\OLEAUT32.dll
0x00007ffa45bc0000 - 0x00007ffa45c6d000 	C:\WINDOWS\System32\SHCORE.dll
0x00007ffa462e0000 - 0x00007ffa4633b000 	C:\WINDOWS\System32\shlwapi.dll
0x00007ffa44710000 - 0x00007ffa44734000 	C:\WINDOWS\SYSTEM32\profapi.dll
0x00007ff9f6980000 - 0x00007ff9f6999000 	C:\Program Files\Amazon Corretto\jdk11.0.22_7\bin\net.dll
0x00007ffa37d10000 - 0x00007ffa37e1a000 	C:\WINDOWS\SYSTEM32\WINHTTP.dll
0x00007ffa438b0000 - 0x00007ffa4391a000 	C:\WINDOWS\system32\mswsock.dll
0x00007ff9f6750000 - 0x00007ff9f6762000 	C:\Program Files\Amazon Corretto\jdk11.0.22_7\bin\nio.dll
0x00007ff9f5ca0000 - 0x00007ff9f5cc4000 	C:\Users\Famous Osiaro\.m2\wrapper\dists\apache-maven-3.9.11\03d7e36a140982eea48e22c1dcac01d8862b2550b2939e09a0809bbc5182a5bc\lib\jansi-native\Windows\x86_64\jansi.dll

dbghelp: loaded successfully - version: 4.0.5 - missing functions: none
symbol engine: initialized successfully - sym options: 0x614 - pdb path: .;C:\Program Files\Amazon Corretto\jdk11.0.22_7\bin;C:\WINDOWS\SYSTEM32;C:\WINDOWS\WinSxS\amd64_microsoft.windows.common-controls_6595b64144ccf1df_6.0.19041.5915_none_60b4b9d171f9c7c7;C:\Program Files\Amazon Corretto\jdk11.0.22_7\bin\server;C:\Users\Famous Osiaro\.m2\wrapper\dists\apache-maven-3.9.11\03d7e36a140982eea48e22c1dcac01d8862b2550b2939e09a0809bbc5182a5bc\lib\jansi-native\Windows\x86_64

VM Arguments:
jvm_args: -Dclassworlds.conf=C:\Users\Famous Osiaro\.m2\wrapper\dists\apache-maven-3.9.11\03d7e36a140982eea48e22c1dcac01d8862b2550b2939e09a0809bbc5182a5bc\bin\m2.conf -Dmaven.home=C:\Users\Famous Osiaro\.m2\wrapper\dists\apache-maven-3.9.11\03d7e36a140982eea48e22c1dcac01d8862b2550b2939e09a0809bbc5182a5bc -Dlibrary.jansi.path=C:\Users\Famous Osiaro\.m2\wrapper\dists\apache-maven-3.9.11\03d7e36a140982eea48e22c1dcac01d8862b2550b2939e09a0809bbc5182a5bc\lib\jansi-native -Dmaven.multiModuleProjectDirectory=c:\Users\Famous Osiaro\Documents\employee-service\employee-service 
java_command: org.codehaus.plexus.classworlds.launcher.Launcher -q help:effective-pom -Doutput=c:\Users\Famous Osiaro\Documents\employee-service\employee-service\effective-pom.xml
java_class_path (initial): C:\Users\Famous Osiaro\.m2\wrapper\dists\apache-maven-3.9.11\03d7e36a140982eea48e22c1dcac01d8862b2550b2939e09a0809bbc5182a5bc\boot\plexus-classworlds-2.9.0.jar
Launcher Type: SUN_STANDARD

[Global flags]
     intx CICompilerCount                          = 3                                         {product} {ergonomic}
     uint ConcGCThreads                            = 1                                         {product} {ergonomic}
     uint G1ConcRefinementThreads                  = 4                                         {product} {ergonomic}
   size_t G1HeapRegionSize                         = 1048576                                   {product} {ergonomic}
    uintx GCDrainStackTargetSize                   = 64                                        {product} {ergonomic}
   size_t InitialHeapSize                          = 134217728                                 {product} {ergonomic}
   size_t MarkStackSize                            = 4194304                                   {product} {ergonomic}
   size_t MaxHeapSize                              = 2120220672                                {product} {ergonomic}
   size_t MaxNewSize                               = 1271922688                                {product} {ergonomic}
   size_t MinHeapDeltaBytes                        = 1048576                                   {product} {ergonomic}
    uintx NonNMethodCodeHeapSize                   = 5830732                                {pd product} {ergonomic}
    uintx NonProfiledCodeHeapSize                  = 122913754                              {pd product} {ergonomic}
    uintx ProfiledCodeHeapSize                     = 122913754                              {pd product} {ergonomic}
    uintx ReservedCodeCacheSize                    = 251658240                              {pd product} {ergonomic}
     bool SegmentedCodeCache                       = true                                      {product} {ergonomic}
     bool UseCompressedClassPointers               = true                                 {lp64_product} {ergonomic}
     bool UseCompressedOops                        = true                                 {lp64_product} {ergonomic}
     bool UseG1GC                                  = true                                      {product} {ergonomic}
     bool UseLargePagesIndividualAllocation        = false                                  {pd product} {ergonomic}

Logging:
Log output configuration:
 #0: stdout all=warning uptime,level,tags
 #1: stderr all=off uptime,level,tags

Environment Variables:
JAVA_HOME=C:\Program Files\Amazon Corretto\jdk11.0.22_7
PATH=C:\Program Files\Eclipse Adoptium\jdk-21.0.4.7-hotspot\bin;C:\Program Files\Amazon Corretto\jdk11.0.22_7\bin;C:\Program Files (x86)\Intel\Intel(R) Management Engine Components\iCLS\;C:\Program Files\Intel\Intel(R) Management Engine Components\iCLS\;C:\WINDOWS\system32;C:\WINDOWS;C:\WINDOWS\System32\Wbem;C:\WINDOWS\System32\WindowsPowerShell\v1.0\;C:\WINDOWS\System32\OpenSSH\;C:\Program Files (x86)\Intel\Intel(R) Management Engine Components\DAL;C:\Program Files\Intel\Intel(R) Management Engine Components\DAL;C:\Program Files (x86)\Intel\Intel(R) Management Engine Components\IPT;C:\Program Files\Intel\Intel(R) Management Engine Components\IPT;C:\ProgramData\chocolatey\bin;C:\ProgramData\chocolatey\lib\maven\apache-maven-3.9.6\bin;C:\Program Files\Amazon\AWSCLIV2\;C:\Program Files\Microsoft VS Code\bin;C:\Program Files\Vagrant\bin;C:\Program Files\PuTTY\;C:\Program Files\Git\cmd;C:\Program Files\PowerShell\7\;C:\TDM-GCC-64\bin;C:\Users\Famous Osiaro\AppData\Local\Programs\Python\Python312\Scripts\;C:\Users\Famous Osiaro\AppData\Local\Programs\Python\Python312\;C:\Users\Famous Osiaro\AppData\Local\Microsoft\WindowsApps;;C:\Users\Famous Osiaro\AppData\Local\Programs\Microsoft VS Code\bin
USERNAME=Famous Osiaro
OS=Windows_NT
PROCESSOR_IDENTIFIER=Intel64 Family 6 Model 142 Stepping 9, GenuineIntel
TMP=C:\Users\FAMOUS~1\AppData\Local\Temp
TEMP=C:\Users\FAMOUS~1\AppData\Local\Temp



---------------  S Y S T E M  ---------------

OS: Windows 10 , 64 bit Build 19041 (10.0.19041.5915)
OS uptime: 0 days 15:17 hours
Hyper-V role detected

CPU:total 4 (initial active 4) (2 cores per cpu, 2 threads per core) family 6 model 142 stepping 9 microcode 0xf0, cmov, cx8, fxsr, mmx, sse, sse2, sse3, ssse3, sse4.1, sse4.2, popcnt, avx, avx2, aes, clmul, erms, 3dnowpref, lzcnt, ht, tsc, tscinvbit, bmi1, bmi2, adx, fma

Memory: 4k page, system-wide physical 8083M (916M free)
TotalPageFile size 14107M (AvailPageFile size 15M)
current process WorkingSet (physical memory assigned to process): 72M, peak: 72M
current process commit charge ("private bytes"): 217M, peak: 217M

vm_info: OpenJDK 64-Bit Server VM (11.0.22+7-LTS) for windows-amd64 JRE (11.0.22+7-LTS), built on Jan 10 2024 19:54:00 by "Administrator" with MS VC++ 16.10 / 16.11 (VS2019)

END.
